This is XeTeX, Version 3.141592653-2.6-0.999997 (MiKTeX 25.4) (preloaded format=xelatex 2025.9.4)  11 AUG 2026 13:55
entering extended mode
 restricted \write18 enabled.
 %&-line parsing enabled.
**" CPE342_Assignment 1_main.tex\ ^^@

! Emergency stop.
<to be read again> 
                   \ 
<*> " CPE342_Assignment 1_main.tex\ 
                                    ^^@
*** (job aborted, file error in nonstop mode)

 
Here is how much of TeX's memory you used:
 2 strings out of 403249
 35 string characters out of 5460861
 419953 words of memory out of 5000000
 28538 multiletter control sequences out of 15000+600000
 626825 words of font info for 40 fonts, out of 8000000 for 9000
 1348 hyphenation exceptions out of 8191
 1i,0n,0p,1b,6s stack positions out of 10000i,1000n,20000p,200000b,200000s
No pages of output.
